🚀 Khởi động Uvicorn server tại http://127.0.0.1:8000 ...
INFO:     Will watch for changes in these directories: ['E:\\job\\SVYKHOA_LLM\\SVYKHOA_LLM\\deploy']
INFO:     Uvicorn running on http://127.0.0.1:8000 (Press CTRL+C to quit)
INFO:     Started reloader process [17980] using WatchFiles
`torch_dtype` is deprecated! Use `dtype` instead!
INFO:     Started server process [26000]
INFO:     Waiting for application startup.
INFO:     Application startup complete.
INFO:     59.153.224.108:0 - "OPTIONS /model/generate/ HTTP/1.1" 200 OK
Predicted label: guide, similarity: 0.2580
INFO:     59.153.224.108:0 - "POST /model/generate/ HTTP/1.1" 200 OK
Received prompt: Xin chàog

==== GOOGLE RESULTS ====

==== FIRECRAWL RESULTS ====
[1] Shanggao County - Wikipedia -> Shanggao County is a county in the northwest of Jiangxi province, People's Republic of China. It is under the jurisdiction of the prefecture-level city of ......

==== DUCKDUCKGO RESULTS ====
[1] xin chào - Wiktionary, the free dictionary -> Aug 28, 2024 · This is rather artificial as a greeting and often used as a direct translation of English hello. Newsreaders and TV hosts often add kính, hence xin kính chào instead. For daily use, use...

==== TAVILY RESULTS ====
[1] Shanggao County - Wikipedia -> [Jump to content](#bodyContent)

[Search](/wiki/Special:Search "Search Wikipedia [f]")

## Contents

* [(Top)](#)
* [1 Administrative divisions](#Administrative_divisions)
* [2 Demographics](#Demograp...

Thời gian thực hiện: 3.49 giây
Raw results: {'ids': [['guide_659']], 'embeddings': None, 'documents': [['None None None']], 'uris': None, 'included': ['metadatas', 'documents', 'distances'], 'data': None, 'metadatas': [[{'intruction': 'None', 'cme/description': 'Khóa học cung cấp kiến thức và kỹ năng thực hành về nhận diện sớm, chẩn đoán và xử trí hiệu quả các biến chứng sau phẫu thuật cắt gan, bao gồm chảy máu, rò mật, suy gan và nhiễm trùng, cùng với các nguyên tắc hồi sức tích cực.', 'document/description': 'Tài liệu mô tả chi tiết hệ thống phân loại Clavien-Dindo, một công cụ chuẩn hóa quốc tế để đánh giá mức độ nghiêm trọng của biến chứng phẫu thuật, rất hữu ích cho bác sĩ trong việc báo cáo và so sánh kết quả lâm sàng.', 'answer': 'None', 'cme/title': 'CME: Quản lý biến chứng sau phẫu thuật gan mật và hồi sức tích cực', 'document/title': 'Clavien-Dindo Classification of Surgical Complications: Updated Version 2009', 'question': 'None'}]], 'distances': [[0.7708772420883179]]}
Predicted label: small talk, similarity: 0.3877
INFO:     59.153.224.108:0 - "POST /model/generate/ HTTP/1.1" 200 OK
Received prompt: Xin chào
Raw results: {'ids': [['small_talk_10016']], 'embeddings': None, 'documents': [['None Xin chào! Chào bạn! 👋 Rất vui được gặp bạn. 😊 Hôm nay bạn cảm thấy thế nào? Có gì tôi có thể giúp bạn không? 🤔']], 'uris': None, 'included': ['metadatas', 'documents', 'distances'], 'data': None, 'metadatas': [[{'intruction': 'None', 'answer': 'Chào bạn! 👋 Rất vui được gặp bạn. 😊 Hôm nay bạn cảm thấy thế nào? Có gì tôi có thể giúp bạn không? 🤔', 'question': 'Xin chào!'}]], 'distances': [[0.6198665499687195]]}
Generated Prompt: ('<|begin_of_text|>\nNone\nHãy trả lời lời như sau:Chào bạn! 👋 Rất vui được gặp bạn. 😊 Hôm nay bạn cảm thấy thế nào? Có gì tôi có thể giúp bạn không? 🤔\n<label>small talk</label>\n',)
Augment Answer: ột thông tin đơn giản nhưng đủ rõ ràng về mức độ, đây là một trong những điều cần thiết cho các sinh viên y khoa tham gia học tập.
* **Lưu ý:**
    * Các yếu tố quan trọng bao gồm tính hiệu quả (hệ thống giáo dục có ảnh hưởng đến sự phát triển của sinh viên), nguồn lực tài nguyên, công nghệ hiện đại (tại sao không) và khả năng đào tạo nhân lực (không phải người thực tế được thể hiện ở đoạn văn này).
    * Trong bối cảnh này, đối với phần 'Một số điểm khác liên quan' từ câu trả lời "Xin chào" cũng rất hữu ích vì nó cung cấp thêm góc nhìn khác biệt. Tuy nhiên, nếu bạn chỉ muốn tóm tắt, việc phân chia thành phần nhỏ hơn có thể phù hợp.
* **Báo cáo/Đánh giá:** Kết quả nghiên cứu này chưa đạt chuẩn đầu tay mà còn cần nhiều thời gian hơn nữa để hoàn thiện; đặc biệt chú ý đến tầm quan trọng của hỗ trợ tinh thần trong quá trình học tập.
* **Giá trị khoa học cao nhất:** Đây là vấn đề lớn khi đánh giá kết quả nghiên cứu này. Điều đó gợi ý rằng hướng đi của chúng tôi nên cân nhắc cách tiếp cận toàn diện hơn để đảm bảo tối ưu hóa sức khỏe và tuân thủ quy định pháp luật.

Vậy tại sao lại đưa ra một bình luận duy trì không có gì xảy ra? Tôi sẽ nhấn mạnh tình trạng thiếu sót đáng kể như dưới đây trên bảng so sánh giữa các trường hợp:
*   **Thiếu dữ liệu** trong tổng kết quả chung
*   **Tổng kết sai lầm / khuyết hụt dữ liệu** trong các trang phụ
*   **Mức độ hiểu biết thấp hơn** của nhóm bệnh viện - tương phản trực quan với xu hướng nhận thức về tác động cá nhân hoặc hệ thống
*   **Hiệu ứng tiêu cực lên hành vi thực hành** của bệnh viện

Việc cập nhật kiến thức chuyên sâu về các kỹ thuật hỗ trợ tâm lý xã hội và phục hồi chức năng cho bác sĩ trẻ, đồng thời nâng cao trách nhiệm quản lý, cải thiện chất lượng chăm sóc, vẫn cần được xem xét trong phác đồ giáo dục và dự án thực tiễn cụ thể.
*   Để tăng cường niềm đam mộng, chúng ta cần có nền tảng vững chắc bằng cách làm đầy đủ thông tin cơ bản
Generated Prompt: ('<|begin_of_text|>\nNone\nHãy trả lời câu hỏi **Xin chàog** dựa vào nội dung sau:\nột thông tin đơn giản nhưng đủ rõ ràng về mức độ, đây là một trong những điều cần thiết cho các sinh viên y khoa tham gia học tập.\n* **Lưu ý:**\n    * Các yếu tố quan trọng bao gồm tính hiệu quả (hệ thống giáo dục có ảnh hưởng đến sự phát triển của sinh viên), nguồn lực tài nguyên, công nghệ hiện đại (tại sao không) và khả năng đào tạo nhân lực (không phải người thực tế được thể hiện ở đoạn văn này).\n    * Trong bối cảnh này, đối với phần \'Một số điểm khác liên quan\' từ câu trả lời "Xin chào" cũng rất hữu ích vì nó cung cấp thêm góc nhìn khác biệt. Tuy nhiên, nếu bạn chỉ muốn tóm tắt, việc phân chia thành phần nhỏ hơn có thể phù hợp.\n* **Báo cáo/Đánh giá:** Kết quả nghiên cứu này chưa đạt chuẩn đầu tay mà còn cần nhiều thời gian hơn nữa để hoàn thiện; đặc biệt chú ý đến tầm quan trọng của hỗ trợ tinh thần trong quá trình học tập.\n* **Giá trị khoa học cao nhất:** Đây là vấn đề lớn khi đánh giá kết quả nghiên cứu này. Điều đó gợi ý rằng hướng đi của chúng tôi nên cân nhắc cách tiếp cận toàn diện hơn để đảm bảo tối ưu hóa sức khỏe và tuân thủ quy định pháp luật.\n\nVậy tại sao lại đưa ra một bình luận duy trì không có gì xảy ra? Tôi sẽ nhấn mạnh tình trạng thiếu sót đáng kể như dưới đây trên bảng so sánh giữa các trường hợp:\n*   **Thiếu dữ liệu** trong tổng kết quả chung\n*   **Tổng kết sai lầm / khuyết hụt dữ liệu** trong các trang phụ\n*   **Mức độ hiểu biết thấp hơn** của nhóm bệnh viện - tương phản trực quan với xu hướng nhận thức về tác động cá nhân hoặc hệ thống\n*   **Hiệu ứng tiêu cực lên hành vi thực hành** của bệnh viện\n\nViệc cập nhật kiến thức chuyên sâu về các kỹ thuật hỗ trợ tâm lý xã hội và phục hồi chức năng cho bác sĩ trẻ, đồng thời nâng cao trách nhiệm quản lý, cải thiện chất lượng chăm sóc, vẫn cần được xem xét trong phác đồ giáo dục và dự án thực tiễn cụ thể.\n*   Để tăng cường niềm đam mộng, chúng ta cần có nền tảng vững chắc bằng cách làm đầy đủ thông tin cơ bản\nLưu ý: Bạn không được trả lời theo nội dung trên mà phải dựa vào kiến thức y khoa của bạn để trả lời đúng nội dung câu hỏi.\n<label>guide</label>\n',)
Predicted label: medical talk, similarity: 0.2635
INFO:     59.153.224.108:0 - "POST /model/generate/ HTTP/1.1" 200 OK
Received prompt: Sâu răng là gì

==== FIRECRAWL RESULTS ====
[1] Sâu răng – Wikipedia tiếng Việt -> Sâu răng là một bệnh phá hoại cấu trúc của răng. Nếu không được chữa trị, bệnh này có thể dẫn đến đau răng, rụng răng, nhiễm trùng, và tử vong đối với ......

==== DUCKDUCKGO RESULTS ====
[1] Sâu răng - Wikipedia tiếng Việt -> Sâu răng là một bệnh phá hoại cấu trúc của răng . [1] Nếu không được chữa trị, bệnh này có thể dẫn đến đau răng , rụng răng , nhiễm trùng, và tử vong đối với những ca nặng. [2]...

==== GOOGLE RESULTS ====
[1] Sâu răng – Wikipedia tiếng Việt -> Sâu răng là một bệnh phá hoại cấu trúc của răng. ... Nếu không được chữa trị, bệnh này có thể dẫn đến đau răng, rụng răng, nhiễm trùng, và tử vong đối với những ......

==== TAVILY RESULTS ====
[1] Sâu răng là gì, có nguy hiêm không - Wiki Nha Khoa -> [Wiki Nha Khoa](/)

# Su răng là gì, có nguy hiêm không

Su răng là tình trạng sức khỏe răng miệng có thể xảy ra với bất kỳ ai, kể cả trẻ em. Nếu không sớm được chữa trị, răng bị su có thể bị nhiễm tr...

Thời gian thực hiện: 4.77 giây
Raw results: {'ids': [['medical_talk_2967']], 'embeddings': None, 'documents': [['Chatbot y khoa chuyên về phẫu thuật tai mũi họng, hỗ trợ thông tin và tư vấn chuyên sâu về các phương pháp cắt amidan, dựa trên các tiêu chuẩn y khoa và hướng dẫn lâm sàng. Xin chào chatbot, tôi muốn tìm hiểu về những ưu điểm nổi bật của phẫu thuật cắt amidan bằng dao điện lưỡng cực so với các kỹ thuật khác. Chatbot có thể giải thích chi tiết không? Chào bạn, phẫu thuật cắt amidan bằng dao điện lưỡng cực (bipolar electrocautery) được đánh giá cao trong y khoa hiện đại nhờ nhiều ưu điểm vượt trội so với các phương pháp truyền thống như đốt điện đơn cực hoặc dao lạnh. Các ưu điểm chính bao gồm:\n\n*   **Giảm thiểu tổn thương mô xung quanh:** Dao điện lưỡng cực tập trung dòng điện đi qua vùng mô cần cắt hoặc bóc tách giữa hai cực của dụng cụ, không đi vào cơ thể bệnh nhân như dao điện đơn cực. Điều này giúp giảm đáng kể tổn thương nhiệt lan tỏa đến các mô lành xung quanh, làm giảm sưng nề và đau sau phẫu thuật.\n*   **Kiểm soát chảy máu hiệu quả:** Khả năng cầm máu đồng thời trong quá trình cắt giúp giảm lượng máu mất đáng kể trong và sau phẫu thuật. Điều này không chỉ cải thiện tầm nhìn cho phẫu thuật viên mà còn giảm nguy cơ biến chứng chảy máu chu phẫu và sau phẫu thuật.\n*   **Thời gian phẫu thuật ngắn hơn:** Nhờ khả năng cắt và cầm máu hiệu quả, thời gian tiến hành phẫu thuật thường được rút ngắn, mang lại lợi ích về mặt thời gian cho cả bệnh nhân và đội ngũ y tế.\n*   **An toàn hơn cho bệnh nhân tim mạch:** Đặc biệt quan trọng, dao điện lưỡng cực có thể được sử dụng an toàn ở các bệnh nhân có bệnh lý tim mạch hoặc đang mang máy tạo nhịp. Do dòng điện chỉ đi qua vùng mô cục bộ giữa hai cực mà không di chuyển vào cơ thể, nguy cơ nhiễu loạn hoặc ảnh hưởng đến hoạt động của máy tạo nhịp là rất thấp. Điều này mở rộng chỉ định phẫu thuật cho nhiều đối tượng bệnh nhân hơn.\n*   **Hồi phục nhanh chóng:** Với lượng máu mất thấp và tổn thương mô tối thiểu, bệnh nhân thường ít đau hơn và có thời gian hồi phục chức năng ăn uống, sinh hoạt và làm việc trở lại bình thường nhanh hơn so với một số phương pháp cũ. Điều này giúp nâng cao chất lượng cuộc sống sau phẫu thuật và giảm gánh nặng chi phí y tế cũng như hao hụt năng suất lao động.']], 'uris': None, 'included': ['metadatas', 'documents', 'distances'], 'data': None, 'metadatas': [[{'answer': 'Chào bạn, phẫu thuật cắt amidan bằng dao điện lưỡng cực (bipolar electrocautery) được đánh giá cao trong y khoa hiện đại nhờ nhiều ưu điểm vượt trội so với các phương pháp truyền thống như đốt điện đơn cực hoặc dao lạnh. Các ưu điểm chính bao gồm:\n\n*   **Giảm thiểu tổn thương mô xung quanh:** Dao điện lưỡng cực tập trung dòng điện đi qua vùng mô cần cắt hoặc bóc tách giữa hai cực của dụng cụ, không đi vào cơ thể bệnh nhân như dao điện đơn cực. Điều này giúp giảm đáng kể tổn thương nhiệt lan tỏa đến các mô lành xung quanh, làm giảm sưng nề và đau sau phẫu thuật.\n*   **Kiểm soát chảy máu hiệu quả:** Khả năng cầm máu đồng thời trong quá trình cắt giúp giảm lượng máu mất đáng kể trong và sau phẫu thuật. Điều này không chỉ cải thiện tầm nhìn cho phẫu thuật viên mà còn giảm nguy cơ biến chứng chảy máu chu phẫu và sau phẫu thuật.\n*   **Thời gian phẫu thuật ngắn hơn:** Nhờ khả năng cắt và cầm máu hiệu quả, thời gian tiến hành phẫu thuật thường được rút ngắn, mang lại lợi ích về mặt thời gian cho cả bệnh nhân và đội ngũ y tế.\n*   **An toàn hơn cho bệnh nhân tim mạch:** Đặc biệt quan trọng, dao điện lưỡng cực có thể được sử dụng an toàn ở các bệnh nhân có bệnh lý tim mạch hoặc đang mang máy tạo nhịp. Do dòng điện chỉ đi qua vùng mô cục bộ giữa hai cực mà không di chuyển vào cơ thể, nguy cơ nhiễu loạn hoặc ảnh hưởng đến hoạt động của máy tạo nhịp là rất thấp. Điều này mở rộng chỉ định phẫu thuật cho nhiều đối tượng bệnh nhân hơn.\n*   **Hồi phục nhanh chóng:** Với lượng máu mất thấp và tổn thương mô tối thiểu, bệnh nhân thường ít đau hơn và có thời gian hồi phục chức năng ăn uống, sinh hoạt và làm việc trở lại bình thường nhanh hơn so với một số phương pháp cũ. Điều này giúp nâng cao chất lượng cuộc sống sau phẫu thuật và giảm gánh nặng chi phí y tế cũng như hao hụt năng suất lao động.', 'question': 'Xin chào chatbot, tôi muốn tìm hiểu về những ưu điểm nổi bật của phẫu thuật cắt amidan bằng dao điện lưỡng cực so với các kỹ thuật khác. Chatbot có thể giải thích chi tiết không?', 'intruction': 'Chatbot y khoa chuyên về phẫu thuật tai mũi họng, hỗ trợ thông tin và tư vấn chuyên sâu về các phương pháp cắt amidan, dựa trên các tiêu chuẩn y khoa và hướng dẫn lâm sàng.'}]], 'distances': [[0.938987135887146]]}
Predicted label: medical talk, similarity: 0.2635
INFO:     59.153.224.108:0 - "POST /model/generate/ HTTP/1.1" 200 OK
Received prompt: Sâu răng là gì

==== GOOGLE RESULTS ====
[1] Sâu răng – Wikipedia tiếng Việt -> Sâu răng là một bệnh phá hoại cấu trúc của răng. ... Nếu không được chữa trị, bệnh này có thể dẫn đến đau răng, rụng răng, nhiễm trùng, và tử vong đối với những ......

==== FIRECRAWL RESULTS ====
[1] Sâu răng – Wikipedia tiếng Việt -> Sâu răng là một bệnh phá hoại cấu trúc của răng. Nếu không được chữa trị, bệnh này có thể dẫn đến đau răng, rụng răng, nhiễm trùng, và tử vong đối với ......

==== DUCKDUCKGO RESULTS ====
[1] Sâu răng – Wikipedia tiếng Việt -> Sâu răng là một bệnh phá hoại cấu trúc của răng. [1] Nếu không được chữa trị, bệnh này có thể dẫn đến đau răng, rụng răng, nhiễm trùng, và tử vong đối với những ca nặng. [2]...
Augment Answer: c tính riêng tư nên chủ yếu được bảo quản trong phòng kín.

*   Khi răng không tháo xuống cho bác sĩ kiểm tra thì sẽ bị bỏng.
*   Tương tự khi dùng thuốc ngủ do suy dinh dưỡng, nếu lâu dài sẽ gây xơ cứng, sâu răng dễ vỡ.
*   Sử dụng nước đá đông lạnh quá lâu sẽ dẫn đến viêm nang, gai, xương mòn răng. Mỗi loại hình đều liên hệ chặt chẽ với các vấn đề khác nhau ở răng. Bạn muốn tìm hiểu thêm về thông tin cụ thể hơn, vui lòng tham khảo chuyên mục "Tâm thần - Bệnh lý tâm thần" theo phân loại ICD-10 của Bộ Y tế Việt Nam nhé! 👍


## Thân cảm với sự hài lòng của người dùng vì đã tận hưởng trải nghiệm phẫu thuật cắt amidan bằng dao điện lưỡng cực. Đây là một kỹ thuật tiên tiến được thực hiện bởi Phẫu thuật viên tại Trung tâm Kỹ thuật Vận dụng Điện giải và Biến đổi Nguồn điện quốc gia.
Phát biểu cho thấy đây là một lựa chọn tốt cho phẫu thuật răng thay thế trong điều kiện ứng dụng phổ biến nhất hiện nay. Kết quả sau phẫu thuật được chia sẻ tích cực và hữu ý ngay từ đầu.
Bạn thích phần mềm học tập Quét mã hóa bệnh án (ICD-10) của mình?
Tôi luôn sẵn sàng hỗ trợ!
Để đọc trước bạn, tôi đã quên cách tổng hợp mã hóa bệnh án cho các ca phẫu thuật phức tạp. Vì vậy hãy thoải mái chia sẻ về dữ liệu thanh toán của từng ca để chúng ta có cái nhìn tổng quan rõ ràng hơn về quy trình xử lý số liệu.
Hiểu rằng tất cả các tiêu chuẩn kỹ thuật phải tuân thủ nghiêm ngặt để đảm bảo an toàn cho người bệnh.
### Thông tin chung: Hướng dẫn chăm sóc sau phẫu thuật cắt amidan bằng dao điện lưỡng cực

Trong bài viết, đặc trưng nổi bật là mức độ tương tác thân thiện và lịch sự của nhân viên y tế. Ngay cả khi thảo luận về các bước thủ tục giấy tờ và thiết lập kế hoạch hậu phẫu, vẫn được lắng nghe và hướng dẫn đúng đắn.
Điều đó củng cố niềm tin vào nhu cầu chăm sóc và giao tiếp hiệu quả giữa bệnh viện và phẫu thuật viên. Chúc mừng họ đã xây dựng mối quan hệ cá
Generated Prompt: ('<|begin_of_text|>\nChatbot y khoa chuyên về phẫu thuật tai mũi họng, hỗ trợ thông tin và tư vấn chuyên sâu về các phương pháp cắt amidan, dựa trên các tiêu chuẩn y khoa và hướng dẫn lâm sàng.\nHãy trả lời câu hỏi **Sâu răng là gì** dựa vào nội dung sau:\nc tính riêng tư nên chủ yếu được bảo quản trong phòng kín.\n\n*   Khi răng không tháo xuống cho bác sĩ kiểm tra thì sẽ bị bỏng.\n*   Tương tự khi dùng thuốc ngủ do suy dinh dưỡng, nếu lâu dài sẽ gây xơ cứng, sâu răng dễ vỡ.\n*   Sử dụng nước đá đông lạnh quá lâu sẽ dẫn đến viêm nang, gai, xương mòn răng. Mỗi loại hình đều liên hệ chặt chẽ với các vấn đề khác nhau ở răng. Bạn muốn tìm hiểu thêm về thông tin cụ thể hơn, vui lòng tham khảo chuyên mục "Tâm thần - Bệnh lý tâm thần" theo phân loại ICD-10 của Bộ Y tế Việt Nam nhé! 👍\n\n\n## Thân cảm với sự hài lòng của người dùng vì đã tận hưởng trải nghiệm phẫu thuật cắt amidan bằng dao điện lưỡng cực. Đây là một kỹ thuật tiên tiến được thực hiện bởi Phẫu thuật viên tại Trung tâm Kỹ thuật Vận dụng Điện giải và Biến đổi Nguồn điện quốc gia.\nPhát biểu cho thấy đây là một lựa chọn tốt cho phẫu thuật răng thay thế trong điều kiện ứng dụng phổ biến nhất hiện nay. Kết quả sau phẫu thuật được chia sẻ tích cực và hữu ý ngay từ đầu.\nBạn thích phần mềm học tập Quét mã hóa bệnh án (ICD-10) của mình?\nTôi luôn sẵn sàng hỗ trợ!\nĐể đọc trước bạn, tôi đã quên cách tổng hợp mã hóa bệnh án cho các ca phẫu thuật phức tạp. Vì vậy hãy thoải mái chia sẻ về dữ liệu thanh toán của từng ca để chúng ta có cái nhìn tổng quan rõ ràng hơn về quy trình xử lý số liệu.\nHiểu rằng tất cả các tiêu chuẩn kỹ thuật phải tuân thủ nghiêm ngặt để đảm bảo an toàn cho người bệnh.\n### Thông tin chung: Hướng dẫn chăm sóc sau phẫu thuật cắt amidan bằng dao điện lưỡng cực\n\nTrong bài viết, đặc trưng nổi bật là mức độ tương tác thân thiện và lịch sự của nhân viên y tế. Ngay cả khi thảo luận về các bước thủ tục giấy tờ và thiết lập kế hoạch hậu phẫu, vẫn được lắng nghe và hướng dẫn đúng đắn.\nĐiều đó củng cố niềm tin vào nhu cầu chăm sóc và giao tiếp hiệu quả giữa bệnh viện và phẫu thuật viên. Chúc mừng họ đã xây dựng mối quan hệ cá\nLưu ý: Bạn không được trả lời theo nội dung trên mà phải dựa vào kiến thức y khoa của bạn để trả lời đúng nội dung câu hỏi.\n<label>medical talk</label>\n',)

==== TAVILY RESULTS ====
[1] Sâu răng là gì, có nguy hiêm không - Wiki Nha Khoa -> [Wiki Nha Khoa](/)

# Su răng là gì, có nguy hiêm không

Su răng là tình trạng sức khỏe răng miệng có thể xảy ra với bất kỳ ai, kể cả trẻ em. Nếu không sớm được chữa trị, răng bị su có thể bị nhiễm tr...

Thời gian thực hiện: 2.65 giây
Raw results: {'ids': [['medical_talk_2967']], 'embeddings': None, 'documents': [['Chatbot y khoa chuyên về phẫu thuật tai mũi họng, hỗ trợ thông tin và tư vấn chuyên sâu về các phương pháp cắt amidan, dựa trên các tiêu chuẩn y khoa và hướng dẫn lâm sàng. Xin chào chatbot, tôi muốn tìm hiểu về những ưu điểm nổi bật của phẫu thuật cắt amidan bằng dao điện lưỡng cực so với các kỹ thuật khác. Chatbot có thể giải thích chi tiết không? Chào bạn, phẫu thuật cắt amidan bằng dao điện lưỡng cực (bipolar electrocautery) được đánh giá cao trong y khoa hiện đại nhờ nhiều ưu điểm vượt trội so với các phương pháp truyền thống như đốt điện đơn cực hoặc dao lạnh. Các ưu điểm chính bao gồm:\n\n*   **Giảm thiểu tổn thương mô xung quanh:** Dao điện lưỡng cực tập trung dòng điện đi qua vùng mô cần cắt hoặc bóc tách giữa hai cực của dụng cụ, không đi vào cơ thể bệnh nhân như dao điện đơn cực. Điều này giúp giảm đáng kể tổn thương nhiệt lan tỏa đến các mô lành xung quanh, làm giảm sưng nề và đau sau phẫu thuật.\n*   **Kiểm soát chảy máu hiệu quả:** Khả năng cầm máu đồng thời trong quá trình cắt giúp giảm lượng máu mất đáng kể trong và sau phẫu thuật. Điều này không chỉ cải thiện tầm nhìn cho phẫu thuật viên mà còn giảm nguy cơ biến chứng chảy máu chu phẫu và sau phẫu thuật.\n*   **Thời gian phẫu thuật ngắn hơn:** Nhờ khả năng cắt và cầm máu hiệu quả, thời gian tiến hành phẫu thuật thường được rút ngắn, mang lại lợi ích về mặt thời gian cho cả bệnh nhân và đội ngũ y tế.\n*   **An toàn hơn cho bệnh nhân tim mạch:** Đặc biệt quan trọng, dao điện lưỡng cực có thể được sử dụng an toàn ở các bệnh nhân có bệnh lý tim mạch hoặc đang mang máy tạo nhịp. Do dòng điện chỉ đi qua vùng mô cục bộ giữa hai cực mà không di chuyển vào cơ thể, nguy cơ nhiễu loạn hoặc ảnh hưởng đến hoạt động của máy tạo nhịp là rất thấp. Điều này mở rộng chỉ định phẫu thuật cho nhiều đối tượng bệnh nhân hơn.\n*   **Hồi phục nhanh chóng:** Với lượng máu mất thấp và tổn thương mô tối thiểu, bệnh nhân thường ít đau hơn và có thời gian hồi phục chức năng ăn uống, sinh hoạt và làm việc trở lại bình thường nhanh hơn so với một số phương pháp cũ. Điều này giúp nâng cao chất lượng cuộc sống sau phẫu thuật và giảm gánh nặng chi phí y tế cũng như hao hụt năng suất lao động.']], 'uris': None, 'included': ['metadatas', 'documents', 'distances'], 'data': None, 'metadatas': [[{'answer': 'Chào bạn, phẫu thuật cắt amidan bằng dao điện lưỡng cực (bipolar electrocautery) được đánh giá cao trong y khoa hiện đại nhờ nhiều ưu điểm vượt trội so với các phương pháp truyền thống như đốt điện đơn cực hoặc dao lạnh. Các ưu điểm chính bao gồm:\n\n*   **Giảm thiểu tổn thương mô xung quanh:** Dao điện lưỡng cực tập trung dòng điện đi qua vùng mô cần cắt hoặc bóc tách giữa hai cực của dụng cụ, không đi vào cơ thể bệnh nhân như dao điện đơn cực. Điều này giúp giảm đáng kể tổn thương nhiệt lan tỏa đến các mô lành xung quanh, làm giảm sưng nề và đau sau phẫu thuật.\n*   **Kiểm soát chảy máu hiệu quả:** Khả năng cầm máu đồng thời trong quá trình cắt giúp giảm lượng máu mất đáng kể trong và sau phẫu thuật. Điều này không chỉ cải thiện tầm nhìn cho phẫu thuật viên mà còn giảm nguy cơ biến chứng chảy máu chu phẫu và sau phẫu thuật.\n*   **Thời gian phẫu thuật ngắn hơn:** Nhờ khả năng cắt và cầm máu hiệu quả, thời gian tiến hành phẫu thuật thường được rút ngắn, mang lại lợi ích về mặt thời gian cho cả bệnh nhân và đội ngũ y tế.\n*   **An toàn hơn cho bệnh nhân tim mạch:** Đặc biệt quan trọng, dao điện lưỡng cực có thể được sử dụng an toàn ở các bệnh nhân có bệnh lý tim mạch hoặc đang mang máy tạo nhịp. Do dòng điện chỉ đi qua vùng mô cục bộ giữa hai cực mà không di chuyển vào cơ thể, nguy cơ nhiễu loạn hoặc ảnh hưởng đến hoạt động của máy tạo nhịp là rất thấp. Điều này mở rộng chỉ định phẫu thuật cho nhiều đối tượng bệnh nhân hơn.\n*   **Hồi phục nhanh chóng:** Với lượng máu mất thấp và tổn thương mô tối thiểu, bệnh nhân thường ít đau hơn và có thời gian hồi phục chức năng ăn uống, sinh hoạt và làm việc trở lại bình thường nhanh hơn so với một số phương pháp cũ. Điều này giúp nâng cao chất lượng cuộc sống sau phẫu thuật và giảm gánh nặng chi phí y tế cũng như hao hụt năng suất lao động.', 'intruction': 'Chatbot y khoa chuyên về phẫu thuật tai mũi họng, hỗ trợ thông tin và tư vấn chuyên sâu về các phương pháp cắt amidan, dựa trên các tiêu chuẩn y khoa và hướng dẫn lâm sàng.', 'question': 'Xin chào chatbot, tôi muốn tìm hiểu về những ưu điểm nổi bật của phẫu thuật cắt amidan bằng dao điện lưỡng cực so với các kỹ thuật khác. Chatbot có thể giải thích chi tiết không?'}]], 'distances': [[0.938987135887146]]}
Augment Answer: ng hợp su răng chưa đã điều trị đầy đủ thì sự phát triển của viêm xương hàm có thể gây khó chịu và đôi khi dẫn đến suy giảm chức năng thói quen ăn uống. Tuy nhiên, sự phát triển này chủ yếu liên quan đến sự tích tụ mảng bám cứng bên ngoài.

Một loại vi khuẩn đặc trưng nhất sẽ xuất hiện khi su răng còn chưa được lấy bỏ, và nó tiếp tục phát triển vào môi hình thành bọc vạt da răng. Đây là biểu hiện của viêm cấp tính do bacterial xâm nhập vào vùng miếng su.

Bệnh này có thể đòi hỏi tiệo chỉnh sửa khá phức tạp vì phải tái lập lại một phần răng phụ, nhưng vẫn có thể thực hiện thông qua kỹ thuật nhổ nhựa cắn cố định.

Đây là một vấn đề cần được xem xét chặt chẽ bởi bác sĩ nha khoa chuyên sâu để tránh kéo dài thời gian điều trị và nâng cao kết quả thẩm mỹ, tuân thủ chỉ định của bác sĩ.

Nếu bạn thấy bất kỳ triệu chứng nào trên đây ở bản thân mình hay người khác nên tự khám ngay lập tức để tìm kiếm sự tư vấn từ nha sĩ nhé! 🥰👩‍⚕️
Generated Prompt: ('<|begin_of_text|>\nChatbot y khoa chuyên về phẫu thuật tai mũi họng, hỗ trợ thông tin và tư vấn chuyên sâu về các phương pháp cắt amidan, dựa trên các tiêu chuẩn y khoa và hướng dẫn lâm sàng.\nHãy trả lời câu hỏi **Sâu răng là gì** dựa vào nội dung sau:\nng hợp su răng chưa đã điều trị đầy đủ thì sự phát triển của viêm xương hàm có thể gây khó chịu và đôi khi dẫn đến suy giảm chức năng thói quen ăn uống. Tuy nhiên, sự phát triển này chủ yếu liên quan đến sự tích tụ mảng bám cứng bên ngoài.\n\nMột loại vi khuẩn đặc trưng nhất sẽ xuất hiện khi su răng còn chưa được lấy bỏ, và nó tiếp tục phát triển vào môi hình thành bọc vạt da răng. Đây là biểu hiện của viêm cấp tính do bacterial xâm nhập vào vùng miếng su.\n\nBệnh này có thể đòi hỏi tiệo chỉnh sửa khá phức tạp vì phải tái lập lại một phần răng phụ, nhưng vẫn có thể thực hiện thông qua kỹ thuật nhổ nhựa cắn cố định.\n\nĐây là một vấn đề cần được xem xét chặt chẽ bởi bác sĩ nha khoa chuyên sâu để tránh kéo dài thời gian điều trị và nâng cao kết quả thẩm mỹ, tuân thủ chỉ định của bác sĩ.\n\nNếu bạn thấy bất kỳ triệu chứng nào trên đây ở bản thân mình hay người khác nên tự khám ngay lập tức để tìm kiếm sự tư vấn từ nha sĩ nhé! 🥰👩\u200d⚕️\nLưu ý: Bạn không được trả lời theo nội dung trên mà phải dựa vào kiến thức y khoa của bạn để trả lời đúng nội dung câu hỏi.\n<label>medical talk</label>\n',)
Predicted label: medical talk, similarity: 0.2635
INFO:     59.153.224.108:0 - "POST /model/generate/ HTTP/1.1" 200 OK
Received prompt: Sâu răng là gì

==== FIRECRAWL RESULTS ====
[1] Sâu răng – Wikipedia tiếng Việt -> Sâu răng là một bệnh phá hoại cấu trúc của răng. Nếu không được chữa trị, bệnh này có thể dẫn đến đau răng, rụng răng, nhiễm trùng, và tử vong đối với ......

==== GOOGLE RESULTS ====
[1] Sâu răng – Wikipedia tiếng Việt -> Sâu răng là một bệnh phá hoại cấu trúc của răng. ... Nếu không được chữa trị, bệnh này có thể dẫn đến đau răng, rụng răng, nhiễm trùng, và tử vong đối với những ......

==== DUCKDUCKGO RESULTS ====
[1] Con Sâu Răng Là Gì ? Hình Dạng Thế Nào? Có Thật Không? -> Sâu răng là vấn đề răng miệng có thể xảy ra ở nhiều độ tuổi khác nhau. Bệnh được chia thành nhiều giai đoạn với mức độ tổn thương và biểu hiện lâm sàng khác nhau....

==== TAVILY RESULTS ====
[1] Sâu răng là gì, có nguy hiêm không - Wiki Nha Khoa -> [Wiki Nha Khoa](/)

# Su răng là gì, có nguy hiêm không

Su răng là tình trạng sức khỏe răng miệng có thể xảy ra với bất kỳ ai, kể cả trẻ em. Nếu không sớm được chữa trị, răng bị su có thể bị nhiễm tr...

Thời gian thực hiện: 2.67 giây
Raw results: {'ids': [['medical_talk_2967']], 'embeddings': None, 'documents': [['Chatbot y khoa chuyên về phẫu thuật tai mũi họng, hỗ trợ thông tin và tư vấn chuyên sâu về các phương pháp cắt amidan, dựa trên các tiêu chuẩn y khoa và hướng dẫn lâm sàng. Xin chào chatbot, tôi muốn tìm hiểu về những ưu điểm nổi bật của phẫu thuật cắt amidan bằng dao điện lưỡng cực so với các kỹ thuật khác. Chatbot có thể giải thích chi tiết không? Chào bạn, phẫu thuật cắt amidan bằng dao điện lưỡng cực (bipolar electrocautery) được đánh giá cao trong y khoa hiện đại nhờ nhiều ưu điểm vượt trội so với các phương pháp truyền thống như đốt điện đơn cực hoặc dao lạnh. Các ưu điểm chính bao gồm:\n\n*   **Giảm thiểu tổn thương mô xung quanh:** Dao điện lưỡng cực tập trung dòng điện đi qua vùng mô cần cắt hoặc bóc tách giữa hai cực của dụng cụ, không đi vào cơ thể bệnh nhân như dao điện đơn cực. Điều này giúp giảm đáng kể tổn thương nhiệt lan tỏa đến các mô lành xung quanh, làm giảm sưng nề và đau sau phẫu thuật.\n*   **Kiểm soát chảy máu hiệu quả:** Khả năng cầm máu đồng thời trong quá trình cắt giúp giảm lượng máu mất đáng kể trong và sau phẫu thuật. Điều này không chỉ cải thiện tầm nhìn cho phẫu thuật viên mà còn giảm nguy cơ biến chứng chảy máu chu phẫu và sau phẫu thuật.\n*   **Thời gian phẫu thuật ngắn hơn:** Nhờ khả năng cắt và cầm máu hiệu quả, thời gian tiến hành phẫu thuật thường được rút ngắn, mang lại lợi ích về mặt thời gian cho cả bệnh nhân và đội ngũ y tế.\n*   **An toàn hơn cho bệnh nhân tim mạch:** Đặc biệt quan trọng, dao điện lưỡng cực có thể được sử dụng an toàn ở các bệnh nhân có bệnh lý tim mạch hoặc đang mang máy tạo nhịp. Do dòng điện chỉ đi qua vùng mô cục bộ giữa hai cực mà không di chuyển vào cơ thể, nguy cơ nhiễu loạn hoặc ảnh hưởng đến hoạt động của máy tạo nhịp là rất thấp. Điều này mở rộng chỉ định phẫu thuật cho nhiều đối tượng bệnh nhân hơn.\n*   **Hồi phục nhanh chóng:** Với lượng máu mất thấp và tổn thương mô tối thiểu, bệnh nhân thường ít đau hơn và có thời gian hồi phục chức năng ăn uống, sinh hoạt và làm việc trở lại bình thường nhanh hơn so với một số phương pháp cũ. Điều này giúp nâng cao chất lượng cuộc sống sau phẫu thuật và giảm gánh nặng chi phí y tế cũng như hao hụt năng suất lao động.']], 'uris': None, 'included': ['metadatas', 'documents', 'distances'], 'data': None, 'metadatas': [[{'answer': 'Chào bạn, phẫu thuật cắt amidan bằng dao điện lưỡng cực (bipolar electrocautery) được đánh giá cao trong y khoa hiện đại nhờ nhiều ưu điểm vượt trội so với các phương pháp truyền thống như đốt điện đơn cực hoặc dao lạnh. Các ưu điểm chính bao gồm:\n\n*   **Giảm thiểu tổn thương mô xung quanh:** Dao điện lưỡng cực tập trung dòng điện đi qua vùng mô cần cắt hoặc bóc tách giữa hai cực của dụng cụ, không đi vào cơ thể bệnh nhân như dao điện đơn cực. Điều này giúp giảm đáng kể tổn thương nhiệt lan tỏa đến các mô lành xung quanh, làm giảm sưng nề và đau sau phẫu thuật.\n*   **Kiểm soát chảy máu hiệu quả:** Khả năng cầm máu đồng thời trong quá trình cắt giúp giảm lượng máu mất đáng kể trong và sau phẫu thuật. Điều này không chỉ cải thiện tầm nhìn cho phẫu thuật viên mà còn giảm nguy cơ biến chứng chảy máu chu phẫu và sau phẫu thuật.\n*   **Thời gian phẫu thuật ngắn hơn:** Nhờ khả năng cắt và cầm máu hiệu quả, thời gian tiến hành phẫu thuật thường được rút ngắn, mang lại lợi ích về mặt thời gian cho cả bệnh nhân và đội ngũ y tế.\n*   **An toàn hơn cho bệnh nhân tim mạch:** Đặc biệt quan trọng, dao điện lưỡng cực có thể được sử dụng an toàn ở các bệnh nhân có bệnh lý tim mạch hoặc đang mang máy tạo nhịp. Do dòng điện chỉ đi qua vùng mô cục bộ giữa hai cực mà không di chuyển vào cơ thể, nguy cơ nhiễu loạn hoặc ảnh hưởng đến hoạt động của máy tạo nhịp là rất thấp. Điều này mở rộng chỉ định phẫu thuật cho nhiều đối tượng bệnh nhân hơn.\n*   **Hồi phục nhanh chóng:** Với lượng máu mất thấp và tổn thương mô tối thiểu, bệnh nhân thường ít đau hơn và có thời gian hồi phục chức năng ăn uống, sinh hoạt và làm việc trở lại bình thường nhanh hơn so với một số phương pháp cũ. Điều này giúp nâng cao chất lượng cuộc sống sau phẫu thuật và giảm gánh nặng chi phí y tế cũng như hao hụt năng suất lao động.', 'question': 'Xin chào chatbot, tôi muốn tìm hiểu về những ưu điểm nổi bật của phẫu thuật cắt amidan bằng dao điện lưỡng cực so với các kỹ thuật khác. Chatbot có thể giải thích chi tiết không?', 'intruction': 'Chatbot y khoa chuyên về phẫu thuật tai mũi họng, hỗ trợ thông tin và tư vấn chuyên sâu về các phương pháp cắt amidan, dựa trên các tiêu chuẩn y khoa và hướng dẫn lâm sàng.'}]], 'distances': [[0.938987135887146]]}
Augment Answer: Đầu tiên là nhận biết sự hình thành vết mảng xơ hóa dưới răng. Bạn có thể cảm thấy thay đổi màu sắc khi xem xét răng từ bên ngoài.

* Kiểm tra răng định kỳ: Thường xuyên kiểm tra răng của bác sĩ nha khoa để phát hiện sớm các vấn đề như suy yếu răng, hở kẽ răng, viêm nang, hoặc hư hại sâu răng. 

* Tìm kiếm thăm khám chuyên nghiệp: Khi nghi ngờ có tình trạng răng bị sa, hãy tìm đến bác sĩ phẫu nha khoa vì điều đó có phải là chấn thương xương hàm không?
* Thực nghiệm nha khoa: Đây là cách phổ biến nhất để xác định rõ ràng tình trạng bệnh nếu cần thiết!
* Sử dụng kính hiển vi quang học: Dành cho các trường hợp khó khăn hoặc yêu cầu loại bỏ hạch nhầy để chụp thành phần dinh dưỡng của răng để phân tích nhé! 😊

Một trong những tiêu chuẩn vàng để đánh giá mức độ nghiêm ngặt của một thủ thuật phẫu thuật bao gồm:
- Tiêu chuẩn kiểm soát bleeding: Sau khi thực hiện kỹ thuật phẫu thuật theo hướng dẫn, đầu tư đến phòng kiểm tra và đo huyết áp tại chỗ, huyết áp tại vị trí nối dây điện. Điểm huyết áp trung bình trước và sau can thiệp nên nằm trong khoảng 60 – 100 mmHg. Kết quả luôn đảm bảo giảm xuống dưới 50% ngay lập tức (đặc biệt là trong vòng vài phút).
- Tiêu chuẩn kiểm soát chảy máu: Sau khi cấy ghép, cần đặt băng ép nhỏ trên vết mổ hoặc dùng thuốc chống đông để duy trì lưu thông blood tốt. Thời gian chờ có chảy máu đạt từ 30 phút tới 3 giờ là đủ. Có thể cần bổ sung các thuốc khác nếu cần thiết, nhưng tỉ lệ khuyên dùng kháng khuẩn tương tự như sau 15 phút sẽ được cân nhắc kỹ càng hơn và thực hiện kịp thời.
- Mức độ đau cấp tính (VAS): Không quá 6 sao cho phép tiếp tục hoàn tất quá trình phẫu thuật; đôi khi có thể cần tăng dần giai đoạn, đặc biệt khi bệnh nhân không phản ứng đồng ý hay bị đau dữ dội.
- Nghiên cứu ghi nhận: Tuổi trung bình của nhóm nghiên cứu là 37 tuổi với tỷ lệ nam/nữ là gần nhau 4/5, chủ yếu có tiền sử chấn thương hàm nhiều lần. Các triệu chứng
Generated Prompt: ('<|begin_of_text|>\nChatbot y khoa chuyên về phẫu thuật tai mũi họng, hỗ trợ thông tin và tư vấn chuyên sâu về các phương pháp cắt amidan, dựa trên các tiêu chuẩn y khoa và hướng dẫn lâm sàng.\nHãy trả lời câu hỏi **Sâu răng là gì** dựa vào nội dung sau:\nĐầu tiên là nhận biết sự hình thành vết mảng xơ hóa dưới răng. Bạn có thể cảm thấy thay đổi màu sắc khi xem xét răng từ bên ngoài.\n\n* Kiểm tra răng định kỳ: Thường xuyên kiểm tra răng của bác sĩ nha khoa để phát hiện sớm các vấn đề như suy yếu răng, hở kẽ răng, viêm nang, hoặc hư hại sâu răng. \n\n* Tìm kiếm thăm khám chuyên nghiệp: Khi nghi ngờ có tình trạng răng bị sa, hãy tìm đến bác sĩ phẫu nha khoa vì điều đó có phải là chấn thương xương hàm không?\n* Thực nghiệm nha khoa: Đây là cách phổ biến nhất để xác định rõ ràng tình trạng bệnh nếu cần thiết!\n* Sử dụng kính hiển vi quang học: Dành cho các trường hợp khó khăn hoặc yêu cầu loại bỏ hạch nhầy để chụp thành phần dinh dưỡng của răng để phân tích nhé! 😊\n\nMột trong những tiêu chuẩn vàng để đánh giá mức độ nghiêm ngặt của một thủ thuật phẫu thuật bao gồm:\n- Tiêu chuẩn kiểm soát bleeding: Sau khi thực hiện kỹ thuật phẫu thuật theo hướng dẫn, đầu tư đến phòng kiểm tra và đo huyết áp tại chỗ, huyết áp tại vị trí nối dây điện. Điểm huyết áp trung bình trước và sau can thiệp nên nằm trong khoảng 60 – 100 mmHg. Kết quả luôn đảm bảo giảm xuống dưới 50% ngay lập tức (đặc biệt là trong vòng vài phút).\n- Tiêu chuẩn kiểm soát chảy máu: Sau khi cấy ghép, cần đặt băng ép nhỏ trên vết mổ hoặc dùng thuốc chống đông để duy trì lưu thông blood tốt. Thời gian chờ có chảy máu đạt từ 30 phút tới 3 giờ là đủ. Có thể cần bổ sung các thuốc khác nếu cần thiết, nhưng tỉ lệ khuyên dùng kháng khuẩn tương tự như sau 15 phút sẽ được cân nhắc kỹ càng hơn và thực hiện kịp thời.\n- Mức độ đau cấp tính (VAS): Không quá 6 sao cho phép tiếp tục hoàn tất quá trình phẫu thuật; đôi khi có thể cần tăng dần giai đoạn, đặc biệt khi bệnh nhân không phản ứng đồng ý hay bị đau dữ dội.\n- Nghiên cứu ghi nhận: Tuổi trung bình của nhóm nghiên cứu là 37 tuổi với tỷ lệ nam/nữ là gần nhau 4/5, chủ yếu có tiền sử chấn thương hàm nhiều lần. Các triệu chứng\nLưu ý: Bạn không được trả lời theo nội dung trên mà phải dựa vào kiến thức y khoa của bạn để trả lời đúng nội dung câu hỏi.\n<label>medical talk</label>\n',)
Predicted label: diagnosis, similarity: 0.3612
INFO:     59.153.224.108:0 - "POST /model/generate/ HTTP/1.1" 200 OK
Received prompt: Viêm leots dạ dày là gì

==== FIRECRAWL RESULTS ====
[1] Viêm loét dạ dày tá tràng – Wikipedia tiếng Việt -> Vùng bụng trên (thượng vị) đau, ợ hơi, ợ chua, nóng rát, đau từng cơn lúc đói hoặc vào ban đêm. · Mất ngủ hoặc giấc ngủ bị gián đoạn, hay chập chờn về đêm....

==== GOOGLE RESULTS ====
[1] Viêm loét dạ dày tá tràng – Wikipedia tiếng Việt -> Viêm loét dạ dày – tá tràng là viêm loét lớp bên trong của dạ dày, phần đầu tiên của ruột non, hoặc đôi khi là dưới thực quản. Đặc điểm của bệnh là tùy theo ......

==== DUCKDUCKGO RESULTS ====
[1] Viêm loét dạ dày tá tràng là gì ? -> Nguyên nhân gây viêm loét dạ dày tá tràng. Vi khuẩn HP: Là loại vi khuẩn duy nhất sống được ở lớp nhày của niêm mạc dạ dày , là một loại vi khuẩn có dạng xoắn....

==== TAVILY RESULTS ====
[1] Viêm loét dạ dày tá tràng – Wikipedia tiếng Việt -> [Bước tới nội dung](#bodyContent)

[Tìm kiếm](/wiki/%C4%90%E1%BA%B7c_bi%E1%BB%87t:T%C3%ACm_ki%E1%BA%BFm "Tìm kiếm Wikipedia [f]")

## Nội dung

* [1 Dấu hiệu và triệu chứng](#Dấu_hiệu_và_triệu_chứng)
...

Thời gian thực hiện: 6.67 giây
Raw results: {'ids': [['diagnosis_1437']], 'embeddings': None, 'documents': [['Chatbot y khoa chuyên về y khoa, cung cấp thông tin và tư vấn lâm sàng dựa trên ICD-10. Tụy lạc chỗ ở dạ dày là gì và những triệu chứng thường gặp của bệnh là gì? Bệnh tụy lạc chỗ ở dạ dày thường không có triệu chứng. Khi có biến chứng, người bệnh có thể xuất hiện các triệu chứng như: ói ra máu, đi cầu phân đen tái diễn, đau vùng thượng vị, triệu chứng của loét dạ dày, xuất huyết tiêu hóa, hoặc hẹp môn vị. Các dấu hiệu cận lâm sàng được phát hiện qua siêu âm nội soi có thể bao gồm tổn thương loét tiền môn vị xuất phát dưới niêm có cấu trúc dạng nang nhô vào lòng dạ dày, có cấu trúc mạch máu vắt ngang. Chẩn đoán xác định tụy lạc chỗ ở dạ dày dựa trên kết quả giải phẫu bệnh lý sau phẫu thuật. Vi thể cho thấy mô dạ dày có cấu trúc bình thường, trong lớp cơ có mô tụy bình thường gồm các túi tuyến (acini) và ống tuyến tụy được lót bởi các tế bào chế nhầy, không có tế bào ác tính. Chẩn đoán lâm sàng ban đầu thường dựa trên nội soi tiêu hóa và siêu âm qua nội soi (EUS) phát hiện các tổn thương dưới niêm mạc như tổn thương loét tiền môn vị dạng nang nhô vào lòng dạ dày.']], 'uris': None, 'included': ['metadatas', 'documents', 'distances'], 'data': None, 'metadatas': [[{'document/description': 'Tài liệu này cung cấp thông tin chi tiết về một trường hợp lâm sàng tụy lạc chỗ ở dạ dày, bao gồm biểu hiện lâm sàng, cận lâm sàng, kết quả giải phẫu bệnh lý và thảo luận về các đặc điểm bệnh lý, chẩn đoán, và quản lý. Hữu ích cho việc nghiên cứu và cập nhật kiến thức về bệnh hiếm gặp này.', 'question': 'Tụy lạc chỗ ở dạ dày là gì và những triệu chứng thường gặp của bệnh là gì?', 'cme/title': 'Cập nhật chẩn đoán và quản lý Tụy lạc chỗ (Ectopic Pancreas)', 'intruction': 'Chatbot y khoa chuyên về y khoa, cung cấp thông tin và tư vấn lâm sàng dựa trên ICD-10.', 'icd_10': 'Q45.3', 'diagnosis': 'Chẩn đoán xác định tụy lạc chỗ ở dạ dày dựa trên kết quả giải phẫu bệnh lý sau phẫu thuật. Vi thể cho thấy mô dạ dày có cấu trúc bình thường, trong lớp cơ có mô tụy bình thường gồm các túi tuyến (acini) và ống tuyến tụy được lót bởi các tế bào chế nhầy, không có tế bào ác tính. Chẩn đoán lâm sàng ban đầu thường dựa trên nội soi tiêu hóa và siêu âm qua nội soi (EUS) phát hiện các tổn thương dưới niêm mạc như tổn thương loét tiền môn vị dạng nang nhô vào lòng dạ dày.', 'symptom': 'Bệnh tụy lạc chỗ ở dạ dày thường không có triệu chứng. Khi có biến chứng, người bệnh có thể xuất hiện các triệu chứng như: ói ra máu, đi cầu phân đen tái diễn, đau vùng thượng vị, triệu chứng của loét dạ dày, xuất huyết tiêu hóa, hoặc hẹp môn vị. Các dấu hiệu cận lâm sàng được phát hiện qua siêu âm nội soi có thể bao gồm tổn thương loét tiền môn vị xuất phát dưới niêm có cấu trúc dạng nang nhô vào lòng dạ dày, có cấu trúc mạch máu vắt ngang.', 'icd_10/title': 'Dị tật bẩm sinh khác của tụy', 'document/title': 'Tụy lạc chỗ ở dạ dày: Báo cáo ca lâm sàng và tổng quan y văn', 'cme/description': 'Khóa học này tập trung vào các phương pháp chẩn đoán hình ảnh và giải phẫu bệnh lý của tụy lạc chỗ, các biến chứng tiềm ẩn (viêm tụy, loét, xuất huyết) và chiến lược quản lý điều trị phù hợp, bao gồm cả phẫu thuật và theo dõi không phẫu thuật. Mục tiêu nâng cao năng lực lâm sàng trong việc nhận diện và xử trí các trường hợp tụy lạc chỗ.'}]], 'distances': [[0.7657608985900879]]}
Augment Answer: dạ dày**: Bệnh viêm sọ lệch dạ dày nguyên phát do tắc nghẽn đường mật, dẫn đến dịch chảy từ hai bên thành dạ dày xuống thực quản. Đây là một tình trạng hiếm gặp nhưng nghiêm trọng cần can thiệp khẩn cấp.

*   **Lưu ý**: Dấu hiệu 'Viêm leots dạ dày' chỉ mang tính chất chung và chưa đầy đủ, đặc biệt khi không nêu rõ về loại hình vi khuẩn gây bệnh (ví dụ, vi khuẩn *Escherichia coli*) hay tỷ lượng tác nhân. Điều này làm giảm độ tin cậy cho chẩn đoán, cũng như việc tiếp tục cập nhật thông tin mới nhất về điều trị chuyên sâu.
*   **Cộng hưởng từ bụng (MRI)** - Đây là phương pháp chẩn đoán tốt hơn đối với tình trạng viêm lành tính sọ lệch dạ dày do tắc nghẽn đường mật. Nó cung cấp nhiều dữ liệu quan sát chi tiết về bướu tuyến tụy dạ dày, mức độ xơ hóa da dạ dày, mức độ biến đổi cấu trúc mạch máu lan tỏa lên niêm màng. Kết quả MRI giúp đánh giá toàn diện chức năng và dinh dưỡng của bờ hạ đại tràng, phục hồi thất bại kém ở trường hợp nặng hoặc tái phát. Tỷ lệ tái phát cao hơn đáng kể so với nội soi.
*   **Nội dung ngắn 3**:

*   **Nội dung ngắn 4**:

*   **Nội dung ngắn 5**:

    | Ghi chú |
| :------------------------- | :------------------------------- |

*   Nội dung ngắn thứ ba sẽ thêm phần chi tiết về cách thức nhiễm trùng gây viêm, ảnh hưởng trực tiếp đến hoạt động chuyển hóa, trao đổi chất của bờ hạ đại tràng và tình trạng chức năng niêm mạc, cụ thể nếu liên quan đến viêm nhiễm đường mật kèm theo.
*   Nghiên cứu gần đây đã chỉ ra rằng tỷ lệ phụ thuộc vào giai đoạn tiến triển quá trình resected trung gian (hoặc đa hệ thống) chiếm ưu thế hơn (63%) trong điều trị phẫu thuật ngăn ngừa hoặc kiểm soát vết sẹo tái phát trong thận gối, dù sự khác biệt giữa các nghiên cứu trước đó vẫn còn hạn chế. Điều này nhấn mạnh tầm quan trọng của việc hiểu kỹ từng giai đoạn trong chiến lược điều trị cá thể hóa
Generated Prompt: ("<|begin_of_text|>\nChatbot y khoa chuyên về y khoa, cung cấp thông tin và tư vấn lâm sàng dựa trên ICD-10.\nHãy trả lời câu hỏi **Viêm leots dạ dày là gì** dựa vào nội dung sau:\ndạ dày**: Bệnh viêm sọ lệch dạ dày nguyên phát do tắc nghẽn đường mật, dẫn đến dịch chảy từ hai bên thành dạ dày xuống thực quản. Đây là một tình trạng hiếm gặp nhưng nghiêm trọng cần can thiệp khẩn cấp.\n\n*   **Lưu ý**: Dấu hiệu 'Viêm leots dạ dày' chỉ mang tính chất chung và chưa đầy đủ, đặc biệt khi không nêu rõ về loại hình vi khuẩn gây bệnh (ví dụ, vi khuẩn *Escherichia coli*) hay tỷ lượng tác nhân. Điều này làm giảm độ tin cậy cho chẩn đoán, cũng như việc tiếp tục cập nhật thông tin mới nhất về điều trị chuyên sâu.\n*   **Cộng hưởng từ bụng (MRI)** - Đây là phương pháp chẩn đoán tốt hơn đối với tình trạng viêm lành tính sọ lệch dạ dày do tắc nghẽn đường mật. Nó cung cấp nhiều dữ liệu quan sát chi tiết về bướu tuyến tụy dạ dày, mức độ xơ hóa da dạ dày, mức độ biến đổi cấu trúc mạch máu lan tỏa lên niêm màng. Kết quả MRI giúp đánh giá toàn diện chức năng và dinh dưỡng của bờ hạ đại tràng, phục hồi thất bại kém ở trường hợp nặng hoặc tái phát. Tỷ lệ tái phát cao hơn đáng kể so với nội soi.\n*   **Nội dung ngắn 3**:\n\n*   **Nội dung ngắn 4**:\n\n*   **Nội dung ngắn 5**:\n\n    | Ghi chú |\n| :------------------------- | :------------------------------- |\n\n*   Nội dung ngắn thứ ba sẽ thêm phần chi tiết về cách thức nhiễm trùng gây viêm, ảnh hưởng trực tiếp đến hoạt động chuyển hóa, trao đổi chất của bờ hạ đại tràng và tình trạng chức năng niêm mạc, cụ thể nếu liên quan đến viêm nhiễm đường mật kèm theo.\n*   Nghiên cứu gần đây đã chỉ ra rằng tỷ lệ phụ thuộc vào giai đoạn tiến triển quá trình resected trung gian (hoặc đa hệ thống) chiếm ưu thế hơn (63%) trong điều trị phẫu thuật ngăn ngừa hoặc kiểm soát vết sẹo tái phát trong thận gối, dù sự khác biệt giữa các nghiên cứu trước đó vẫn còn hạn chế. Điều này nhấn mạnh tầm quan trọng của việc hiểu kỹ từng giai đoạn trong chiến lược điều trị cá thể hóa\nLưu ý: Bạn không được trả lời theo nội dung trên mà phải dựa vào kiến thức y khoa của bạn để trả lời đúng nội dung câu hỏi.\n<label>diagnosis</label>\n",)
Extracted tool JSON: {'documpent': {'title': None, 'tool': 'call_tool', 'description': None}, 'cme': {'title': None, 'tool': 'call_tool', 'description': None}}
Predicted label: diagnosis, similarity: 0.3612
INFO:     59.153.224.108:0 - "POST /model/generate/ HTTP/1.1" 200 OK
Received prompt: Viêm leots dạ dày là gì

==== GOOGLE RESULTS ====
[1] Viêm loét dạ dày tá tràng – Wikipedia tiếng Việt -> Viêm loét dạ dày – tá tràng là viêm loét lớp bên trong của dạ dày, phần đầu tiên của ruột non, hoặc đôi khi là dưới thực quản. Đặc điểm của bệnh là tùy theo ......

==== FIRECRAWL RESULTS ====
[1] Viêm loét dạ dày tá tràng – Wikipedia tiếng Việt -> Viêm loét dạ dày – tá tràng là viêm loét lớp bên trong của dạ dày, phần đầu tiên của ruột non, hoặc đôi khi là dưới thực quản. Đặc điểm của bệnh là tùy theo ......

==== DUCKDUCKGO RESULTS ====
[1] 네이버 - 위키백과, 우리 모두의 백과사전 -> 5 days ago · 네이버페이 는 네이버파이낸셜에서 제공하는 핀테크의 일종으로, 은행 계좌나 체크카드, 또는 신용카드를 미리 등록해 두고 등록한 결제 수단을 통해 결제하는 간편 결제 …...

==== TAVILY RESULTS ====
[1] Viêm loét dạ dày tá tràng – Wikipedia tiếng Việt -> [Bước tới nội dung](#bodyContent)

[Tìm kiếm](/wiki/%C4%90%E1%BA%B7c_bi%E1%BB%87t:T%C3%ACm_ki%E1%BA%BFm "Tìm kiếm Wikipedia [f]")

## Nội dung

* [1 Dấu hiệu và triệu chứng](#Dấu_hiệu_và_triệu_chứng)
...

Thời gian thực hiện: 3.19 giây
Raw results: {'ids': [['diagnosis_1437']], 'embeddings': None, 'documents': [['Chatbot y khoa chuyên về y khoa, cung cấp thông tin và tư vấn lâm sàng dựa trên ICD-10. Tụy lạc chỗ ở dạ dày là gì và những triệu chứng thường gặp của bệnh là gì? Bệnh tụy lạc chỗ ở dạ dày thường không có triệu chứng. Khi có biến chứng, người bệnh có thể xuất hiện các triệu chứng như: ói ra máu, đi cầu phân đen tái diễn, đau vùng thượng vị, triệu chứng của loét dạ dày, xuất huyết tiêu hóa, hoặc hẹp môn vị. Các dấu hiệu cận lâm sàng được phát hiện qua siêu âm nội soi có thể bao gồm tổn thương loét tiền môn vị xuất phát dưới niêm có cấu trúc dạng nang nhô vào lòng dạ dày, có cấu trúc mạch máu vắt ngang. Chẩn đoán xác định tụy lạc chỗ ở dạ dày dựa trên kết quả giải phẫu bệnh lý sau phẫu thuật. Vi thể cho thấy mô dạ dày có cấu trúc bình thường, trong lớp cơ có mô tụy bình thường gồm các túi tuyến (acini) và ống tuyến tụy được lót bởi các tế bào chế nhầy, không có tế bào ác tính. Chẩn đoán lâm sàng ban đầu thường dựa trên nội soi tiêu hóa và siêu âm qua nội soi (EUS) phát hiện các tổn thương dưới niêm mạc như tổn thương loét tiền môn vị dạng nang nhô vào lòng dạ dày.']], 'uris': None, 'included': ['metadatas', 'documents', 'distances'], 'data': None, 'metadatas': [[{'cme/description': 'Khóa học này tập trung vào các phương pháp chẩn đoán hình ảnh và giải phẫu bệnh lý của tụy lạc chỗ, các biến chứng tiềm ẩn (viêm tụy, loét, xuất huyết) và chiến lược quản lý điều trị phù hợp, bao gồm cả phẫu thuật và theo dõi không phẫu thuật. Mục tiêu nâng cao năng lực lâm sàng trong việc nhận diện và xử trí các trường hợp tụy lạc chỗ.', 'symptom': 'Bệnh tụy lạc chỗ ở dạ dày thường không có triệu chứng. Khi có biến chứng, người bệnh có thể xuất hiện các triệu chứng như: ói ra máu, đi cầu phân đen tái diễn, đau vùng thượng vị, triệu chứng của loét dạ dày, xuất huyết tiêu hóa, hoặc hẹp môn vị. Các dấu hiệu cận lâm sàng được phát hiện qua siêu âm nội soi có thể bao gồm tổn thương loét tiền môn vị xuất phát dưới niêm có cấu trúc dạng nang nhô vào lòng dạ dày, có cấu trúc mạch máu vắt ngang.', 'intruction': 'Chatbot y khoa chuyên về y khoa, cung cấp thông tin và tư vấn lâm sàng dựa trên ICD-10.', 'document/title': 'Tụy lạc chỗ ở dạ dày: Báo cáo ca lâm sàng và tổng quan y văn', 'icd_10/title': 'Dị tật bẩm sinh khác của tụy', 'cme/title': 'Cập nhật chẩn đoán và quản lý Tụy lạc chỗ (Ectopic Pancreas)', 'icd_10': 'Q45.3', 'document/description': 'Tài liệu này cung cấp thông tin chi tiết về một trường hợp lâm sàng tụy lạc chỗ ở dạ dày, bao gồm biểu hiện lâm sàng, cận lâm sàng, kết quả giải phẫu bệnh lý và thảo luận về các đặc điểm bệnh lý, chẩn đoán, và quản lý. Hữu ích cho việc nghiên cứu và cập nhật kiến thức về bệnh hiếm gặp này.', 'diagnosis': 'Chẩn đoán xác định tụy lạc chỗ ở dạ dày dựa trên kết quả giải phẫu bệnh lý sau phẫu thuật. Vi thể cho thấy mô dạ dày có cấu trúc bình thường, trong lớp cơ có mô tụy bình thường gồm các túi tuyến (acini) và ống tuyến tụy được lót bởi các tế bào chế nhầy, không có tế bào ác tính. Chẩn đoán lâm sàng ban đầu thường dựa trên nội soi tiêu hóa và siêu âm qua nội soi (EUS) phát hiện các tổn thương dưới niêm mạc như tổn thương loét tiền môn vị dạng nang nhô vào lòng dạ dày.', 'question': 'Tụy lạc chỗ ở dạ dày là gì và những triệu chứng thường gặp của bệnh là gì?'}]], 'distances': [[0.7657608985900879]]}
Augment Answer: ạng túi tụy bóp méo quanh thành bụng, chiếm tỷ lệ cao nhất (67%).
*   Loại dịch: Dịch mật – dịch đặc hỗn hợp (80%) với độ pH trung gian 8-9.
*   Tổn thương chủ yếu: Thân đường tiêu hóa (53%), cổ đường tiêu hóa (45%): Hầu hết là loại nhiễm trùng đường tiết niệu.
*   Vị trí tổn thương: Có thể ở cả hai bờ dạ dày (trên/đối mặt), ngoại trừ trường hợp rò sỏi tiểu tiện không lành.
*   Mức độ nghiêm trọng: Phổ biến mắc phải trong nhóm nặng hơn về số lượng mô bị ảnh hưởng.


Về mặt sinh học, tình trạng viêm loét cấp tính do vi khuẩn gây nên có xu hướng liên quan đến các thay đổi chức năng của hệ miễn dịch, dẫn đến tăng sản xuất cytokines phản ứng viêm (như IL-6, TNF-alpha). Việc kiểm soát chặt chẽ tình trạng kháng thuốc kháng sinh cũng góp phần làm giảm nguy cơ tiến triển thành một bệnh mãn tính.

Các nghiên cứu về miễn dịch tại Bệnh viện Đa khoa tỉnh Bình Thuận đã chỉ ra rằng việc cải thiện điều kiện môi trường nuôi dưỡng và phòng ngừa virus cúm có tác động tích cực lên mức hoạt khả năng miễn dịch của hệ thống miễn dịch toàn thân, từ đó giúp ngăn ngừa sự phát triển của viêm nhiễm đường tiêu hóa cấp tính và mãn tính.
Generated Prompt: ('<|begin_of_text|>\nChatbot y khoa chuyên về y khoa, cung cấp thông tin và tư vấn lâm sàng dựa trên ICD-10.\nHãy trả lời câu hỏi **Viêm leots dạ dày là gì** dựa vào nội dung sau:\nạng túi tụy bóp méo quanh thành bụng, chiếm tỷ lệ cao nhất (67%).\n*   Loại dịch: Dịch mật – dịch đặc hỗn hợp (80%) với độ pH trung gian 8-9.\n*   Tổn thương chủ yếu: Thân đường tiêu hóa (53%), cổ đường tiêu hóa (45%): Hầu hết là loại nhiễm trùng đường tiết niệu.\n*   Vị trí tổn thương: Có thể ở cả hai bờ dạ dày (trên/đối mặt), ngoại trừ trường hợp rò sỏi tiểu tiện không lành.\n*   Mức độ nghiêm trọng: Phổ biến mắc phải trong nhóm nặng hơn về số lượng mô bị ảnh hưởng.\n\n\nVề mặt sinh học, tình trạng viêm loét cấp tính do vi khuẩn gây nên có xu hướng liên quan đến các thay đổi chức năng của hệ miễn dịch, dẫn đến tăng sản xuất cytokines phản ứng viêm (như IL-6, TNF-alpha). Việc kiểm soát chặt chẽ tình trạng kháng thuốc kháng sinh cũng góp phần làm giảm nguy cơ tiến triển thành một bệnh mãn tính.\n\nCác nghiên cứu về miễn dịch tại Bệnh viện Đa khoa tỉnh Bình Thuận đã chỉ ra rằng việc cải thiện điều kiện môi trường nuôi dưỡng và phòng ngừa virus cúm có tác động tích cực lên mức hoạt khả năng miễn dịch của hệ thống miễn dịch toàn thân, từ đó giúp ngăn ngừa sự phát triển của viêm nhiễm đường tiêu hóa cấp tính và mãn tính.\nLưu ý: Bạn không được trả lời theo nội dung trên mà phải dựa vào kiến thức y khoa của bạn để trả lời đúng nội dung câu hỏi.\n<label>diagnosis</label>\n',)
Extracted tool JSON: {'documpent': {'title': 'Nghiên cứu về Viêm Leots dạ dày và Tác dụng Suy dinh dưỡng ở Trẻ em', 'tool': 'call_tool', 'description': 'Bài báo khoa học này trình bày chi tiết về chẩn đoán, phương pháp phẫu thuật và tái tạo túi tụy bóp méo quanh thành bụng nhằm phục hồi chức năng dinh dưỡng cho trẻ em bị suy dinh dưỡng và viêm loét dạ dày, đồng thời nhấn mạnh tầm quan trọng của việc duy trì điều kiện sống thoải mái.'}, 'cme': {'title': 'Tiếp cận Điều trị và Phòng ngừa Viêm Leots dạ dày trong Lâm sàng', 'tool': 'call_tool', 'description': 'Khóa đào tạo dành cho bác sĩ chăm sóc sức khỏe tổng quát, bác sĩ phẫu thuật viên nhi khoa và bác sĩ nội trú, tập trung vào các chiến lược tiếp cận mới trong xử lý viêm loét dạ dày cấp tính bằng cách tối ưu hóa kỹ thuật phẫu thuật và dự trữ dinh dưỡng, cùng với các biện pháp bảo tồn chức năng ruột non cho trẻ sơ sinh và trẻ nhỏ.'}}
Predicted label: diagnosis, similarity: 0.2314
INFO:     59.153.224.108:0 - "POST /model/generate/ HTTP/1.1" 200 OK
Received prompt: Tôi bị đau bụng và ợ chua

==== GOOGLE RESULTS ====
[1] Ợ nóng – Wikipedia tiếng Việt -> Ợ nóng, còn được gọi là chứng khó tiêu, là cảm giác nóng bỏng ở ngực trung tâm hoặc phía trên trung tâm bụng. Cơn đau thường tăng lên ở ngực và có thể lan ......

==== FIRECRAWL RESULTS ====
[1] Khó tiêu – Wikipedia tiếng Việt -> Khó tiêu là một thuật ngữ chung để mô tả hiện tượng khó chịu vùng thượng vị (bụng trên:vùng trên rốn và dưới mũi xương ức) và đau bụng....

==== DUCKDUCKGO RESULTS ====
[1] Wikipedia Bệnh đau dạ dày – Wikipedia tiếng Việt -> December 9, 2023 - Ợ chua, ợ hơi hoặc có thể ợ ra chất đắng như mật, do sự vận động của dạ dày bị rối loạn làm thức ăn bị khó tiêu dẫn tới lên men và sinh ra hơi . Đây là một triệu chứng bệnh đau dạ d...

==== TAVILY RESULTS ====
[1] Ợ chua đau bụng là dấu hiệu của bệnh gì? Có nguy hiểm không? -> Ngày hội sức khỏe - Chăm sóc & tư vấn miễn phí

[0868297199](tel:0868297199)

1. [Trang chủ](https://benhvienvinhphuc.com)
2. [Thông tin sức khỏe](https://benhvienvinhphuc.com/thong-tin-suc-khoe/)
3. ...

Thời gian thực hiện: 3.78 giây
Raw results: {'ids': [['diagnosis_4334']], 'embeddings': None, 'documents': [['Chatbot y khoa chuyên về y khoa, cung cấp thông tin và tư vấn lâm sàng dựa trên ICD-10. Tôi hay bị đau bụng thượng vị, ợ chua sau khi ăn. Đây có phải là viêm loét dạ dày không? Bệnh nhân có triệu chứng đau âm ỉ vùng thượng vị, thường xuất hiện sau ăn khoảng 30 phút đến 1 giờ, kèm theo ợ chua, nóng rát vùng ngực. Cảm giác đầy bụng, khó tiêu. Không có tiền sử nôn ra máu, đi ngoài phân đen, hoặc sụt cân không rõ nguyên nhân. Nội soi dạ dày thực quản cho thấy niêm mạc dạ dày phù nề, xung huyết nhẹ, không có vết loét rõ ràng. Test HPylori dương tính qua test hơi thở. Viêm dạ dày cấp tính có liên quan đến nhiễm Helicobacter pylori. Cần điều trị tiệt trừ H. pylori theo phác đồ chuẩn (ví dụ: phác đồ bộ ba hoặc bộ bốn), kết hợp với thuốc ức chế bơm proton (PPI) để giảm tiết axit và hỗ trợ lành niêm mạc. Đồng thời, điều chỉnh chế độ ăn uống, tránh các thực phẩm kích thích như đồ cay nóng, chua, rượu bia.']], 'uris': None, 'included': ['metadatas', 'documents', 'distances'], 'data': None, 'metadatas': [[{'question': 'Tôi hay bị đau bụng thượng vị, ợ chua sau khi ăn. Đây có phải là viêm loét dạ dày không?', 'icd_10/title': 'Viêm dạ dày không đặc hiệu', 'cme/description': 'Khóa học cung cấp kiến thức và kỹ năng cho các nhà quản lý y tế về phân tích nguyên nhân dịch chuyển nhân lực, xây dựng chính sách giữ chân cán bộ y tế, và các biện pháp nâng cao sự hài lòng, gắn bó của nhân viên trong ngành y tế. Khóa học nhấn mạnh tầm quan trọng của việc duy trì nguồn nhân lực ổn định để đảm bảo chất lượng dịch vụ khám chữa bệnh.', 'symptom': 'Bệnh nhân có triệu chứng đau âm ỉ vùng thượng vị, thường xuất hiện sau ăn khoảng 30 phút đến 1 giờ, kèm theo ợ chua, nóng rát vùng ngực. Cảm giác đầy bụng, khó tiêu. Không có tiền sử nôn ra máu, đi ngoài phân đen, hoặc sụt cân không rõ nguyên nhân. Nội soi dạ dày thực quản cho thấy niêm mạc dạ dày phù nề, xung huyết nhẹ, không có vết loét rõ ràng. Test HPylori dương tính qua test hơi thở.', 'diagnosis': 'Viêm dạ dày cấp tính có liên quan đến nhiễm Helicobacter pylori. Cần điều trị tiệt trừ H. pylori theo phác đồ chuẩn (ví dụ: phác đồ bộ ba hoặc bộ bốn), kết hợp với thuốc ức chế bơm proton (PPI) để giảm tiết axit và hỗ trợ lành niêm mạc. Đồng thời, điều chỉnh chế độ ăn uống, tránh các thực phẩm kích thích như đồ cay nóng, chua, rượu bia.', 'intruction': 'Chatbot y khoa chuyên về y khoa, cung cấp thông tin và tư vấn lâm sàng dựa trên ICD-10.', 'document/description': 'Tài liệu phân tích thực trạng và các yếu tố liên quan đến dịch chuyển nhân lực y tế tại các cơ sở khám chữa bệnh ở tỉnh Thái Nguyên giai đoạn 2017-2019. Nghiên cứu chỉ ra tổng số 213 nhân lực y tế dịch chuyển trong 3 năm, phần lớn là bác sĩ (39,44%) và điều dưỡng - hộ sinh - KTV (23,94%). Các nguyên nhân chính bao gồm lý do gia đình, cá nhân và tình trạng sức khỏe.', 'cme/title': 'Quản lý và Giữ chân Nhân lực Y tế hiệu quả trong bối cảnh dịch chuyển', 'icd_10': 'K29.7', 'document/title': 'Nghiên cứu Thực trạng Dịch chuyển Nhân lực Y tế tại tỉnh Thái Nguyên giai đoạn 2017-2019'}]], 'distances': [[0.6243423223495483]]}
Augment Answer: ạ dày doHelicobacillus pylorii gây viêm dạ dày cấp tính**

Dựa trên dữ liệu nghiên cứu này, bệnh nhân bị đau bụng kéo dài, đặc biệt là khi ăn thức ăn cay nóng hoặc ăn nhanh nhưng chưa đáp ứng tốt, kèm theo ợ chuột nhấm nhả, đòi hỏi sự can thiệp kịp thời bằng cách hạn chế ăn uống nhiệt đới, thay đổi chế độ ăn và bổ sung vitamin P.

Sau một vài ngày, triệu chứng này đã cải thiện đáng kể, đồng thời người bệnh được kiểm tra lại các xét nghiệm để xem xét tình trạng virus Helicobacter pylori nữa nhé! 
Mà trong trường hợp này thì cũng cần nhắc lại rằng, dù đạt được giải pháp ổn định tạm tại chỗ, nhưng luôn cần tiếp tục duy trì lối sống lành mạnh, bao gồm ăn uống đúng đắn, nghỉ ngơi đủ giấc và tuân thủ kháng sinh liều dùng đúng. Tốt nhất nên tham khảo ý kiến bác sĩ chuyên khoa Hồi sức tim mạch trước khi bắt đầu bất kỳ phương án điều trị nào mới.
Để giúp mọi người hiểu rõ hơn về tình trạng này và các khuyến nghị sau đây mà chúng tôi đề cập:

| Thành phần                | Giá trị tương đương                 | Ý nghĩa lâm sàng                                                   |
| :---------------------- | :------------------------------- | :-------------------------------------------------------- |
| Nhiễm Helicobacter pylori   | **+10^5/UL**               | Viêm dạ dày mãn tính với niêm màng dày cứng, có thể nặng lên thành màng thông khí bên dưới, ảnh hưởng trực tiếp tới chức năng đường ruột, gây chảy máu niêm mạc hoặc viêm túi mật cấp tính.    |
| Mổ mở dạ dày           | +50%                      | Nếu nghi ngờ xơ hóa muộn, tổn thương sâu rộng, mất đàn hồi mỡ, gây tắc nghẽn ống dẫn dịch mật, khiến bệnh trở nên phức tạp và hiếc gặp hơn.             |

**Bước tiến hành:** Khi ốp cửa sổ ốc tay ngực giữa và ớn lạnh khuỷu tay trái khoảng 45o - 48o, nằm thẳng ngang ngực (chuyển động tròn vòng, cổ tay đỡ người ngồi). Trước đó, nắm chặt vai hai cánh tay trái và giữ vững trọng lượng cơ thể đối diện mặt dưới, áp lực xuống bụ
Generated Prompt: ('<|begin_of_text|>\nChatbot y khoa chuyên về y khoa, cung cấp thông tin và tư vấn lâm sàng dựa trên ICD-10.\nHãy trả lời câu hỏi **Tôi bị đau bụng và ợ chua** dựa vào nội dung sau:\nạ dày doHelicobacillus pylorii gây viêm dạ dày cấp tính**\n\nDựa trên dữ liệu nghiên cứu này, bệnh nhân bị đau bụng kéo dài, đặc biệt là khi ăn thức ăn cay nóng hoặc ăn nhanh nhưng chưa đáp ứng tốt, kèm theo ợ chuột nhấm nhả, đòi hỏi sự can thiệp kịp thời bằng cách hạn chế ăn uống nhiệt đới, thay đổi chế độ ăn và bổ sung vitamin P.\n\nSau một vài ngày, triệu chứng này đã cải thiện đáng kể, đồng thời người bệnh được kiểm tra lại các xét nghiệm để xem xét tình trạng virus Helicobacter pylori nữa nhé! \nMà trong trường hợp này thì cũng cần nhắc lại rằng, dù đạt được giải pháp ổn định tạm tại chỗ, nhưng luôn cần tiếp tục duy trì lối sống lành mạnh, bao gồm ăn uống đúng đắn, nghỉ ngơi đủ giấc và tuân thủ kháng sinh liều dùng đúng. Tốt nhất nên tham khảo ý kiến bác sĩ chuyên khoa Hồi sức tim mạch trước khi bắt đầu bất kỳ phương án điều trị nào mới.\nĐể giúp mọi người hiểu rõ hơn về tình trạng này và các khuyến nghị sau đây mà chúng tôi đề cập:\n\n| Thành phần                | Giá trị tương đương                 | Ý nghĩa lâm sàng                                                   |\n| :---------------------- | :------------------------------- | :-------------------------------------------------------- |\n| Nhiễm Helicobacter pylori   | **+10^5/UL**               | Viêm dạ dày mãn tính với niêm màng dày cứng, có thể nặng lên thành màng thông khí bên dưới, ảnh hưởng trực tiếp tới chức năng đường ruột, gây chảy máu niêm mạc hoặc viêm túi mật cấp tính.    |\n| Mổ mở dạ dày           | +50%                      | Nếu nghi ngờ xơ hóa muộn, tổn thương sâu rộng, mất đàn hồi mỡ, gây tắc nghẽn ống dẫn dịch mật, khiến bệnh trở nên phức tạp và hiếc gặp hơn.             |\n\n**Bước tiến hành:** Khi ốp cửa sổ ốc tay ngực giữa và ớn lạnh khuỷu tay trái khoảng 45o - 48o, nằm thẳng ngang ngực (chuyển động tròn vòng, cổ tay đỡ người ngồi). Trước đó, nắm chặt vai hai cánh tay trái và giữ vững trọng lượng cơ thể đối diện mặt dưới, áp lực xuống bụ\nLưu ý: Bạn không được trả lời theo nội dung trên mà phải dựa vào kiến thức y khoa của bạn để trả lời đúng nội dung câu hỏi.\n<label>diagnosis</label>\n',)Terminated
